--- Testing Reputation Service ---
node.exe : Error: 
SASL: SCRAM-SERVER-F
IRST-MESSAGE: 
client password 
must be a string
At C:\Program Files\
nodejs\npx.ps1:29 
char:3
+   & $NODE_EXE 
$NPX_CLI_JS $args
+   ~~~~~~~~~~~~~~~~
~~~~~~~~~~~~~
    + CategoryInfo  
            : 
NotSpecified: (E    
rror: SASL: 
SC...ust     be a 
string:String) [    
], RemoteException
    + 
FullyQualifiedError 
   Id : 
NativeCommandErr    
or
 
    at C:\Users\Aman
uel\Desktop\georise-
main\backend\node_mo
dules\pg-pool\index.
js:45:11
    at process.proce
ssTicksAndRejections
 (node:internal/proc
ess/task_queues:105:
5)
    at async PrismaP
gAdapter.startTransa
ction (file:///C:/Us
ers/Amanuel/Desktop/
georise-main/backend
/node_modules/@prism
a/adapter-pg/dist/in
dex.mjs:684:18)
    at async Ft.#r (
C:\Users\Amanuel\Des
ktop\georise-main\ba
ckend\node_modules\@
prisma\client-engine
-runtime\src\transac
tion-manager\transac
tion-manager.ts:125:
31)
    at async Ft.star
tInternalTransaction
 (C:\Users\Amanuel\D
esktop\georise-main\
backend\node_modules
\@prisma\client-engi
ne-runtime\src\trans
action-manager\trans
action-manager.ts:92
:12)
    at async 
e.interpretNode (C:\
Users\Amanuel\Deskto
p\georise-main\backe
nd\node_modules\@pri
sma\client-engine-ru
ntime\src\interprete
r\query-interpreter.
ts:263:33)
    at async e.run (
C:\Users\Amanuel\Des
ktop\georise-main\ba
ckend\node_modules\@
prisma\client-engine
-runtime\src\interpr
eter\query-interpret
er.ts:96:23)
    at async 
e.execute (C:\Users\
Amanuel\Desktop\geor
ise-main\backend\nod
e_modules\@prisma\cl
ient\src\runtime\cor
e\engines\client\Loc
alExecutor.ts:81:12)
    at async 
Dt.request (C:\Users
\Amanuel\Desktop\geo
rise-main\backend\no
de_modules\@prisma\c
lient\src\runtime\co
re\engines\client\Cl
ientEngine.ts:472:22
)
    at async 
Object.singleLoader 
(C:\Users\Amanuel\De
sktop\georise-main\b
ackend\node_modules\
@prisma\client\src\r
untime\RequestHandle
r.ts:112:26) {
  clientVersion: 
'7.2.0'
}
